{
  "name": "call_denied",
  "time": 1761830122249,
  "attributes": {
    "tool": "sta_get_datastreams",
    "class": "E-V",
    "reason": "capability",
    "traceparent": "00-00000000000000000000000000000000-0000000000000000-00"
  }
}