{
  "name": "discover",
  "time": 1761841833121,
  "attributes": {
    "traceparent": "00-00000000000000000000000000000000-0000000000000000-00",
    "server": "mcp-sta"
  }
}