{
  "name": "schema",
  "time": 1761830122216,
  "attributes": {
    "tool": "sta_get_datastreams",
    "found": true,
    "traceparent": "00-00000000000000000000000000000000-0000000000000000-00"
  }
}