{
  "name": "call_ok",
  "time": 1761842185517,
  "attributes": {
    "tool": "ngsi_query",
    "traceparent": "00-00000000000000000000000000000000-0000000000000000-00"
  }
}