{
  "name": "discover",
  "time": 1761826574897,
  "attributes": {
    "traceparent": "00-00000000000000000000000000000000-0000000000000000-00",
    "server": "mcp-ngsi"
  }
}