{
  "name": "call_ok",
  "time": 1761829736463,
  "attributes": {
    "tool": "bms_setpoint_write",
    "traceparent": "00-00000000000000000000000000000000-0000000000000000-00"
  }
}