{
  "name": "discover",
  "time": 1761830123391,
  "attributes": {
    "traceparent": "00-00000000000000000000000000000000-0000000000000000-00",
    "server": "actuation-mcp"
  }
}