{
  "name": "schema",
  "time": 1761826280367,
  "attributes": {
    "tool": "bms_setpoint_write",
    "found": true,
    "traceparent": "00-00000000000000000000000000000000-0000000000000000-00"
  }
}